[garfagnanadream.it/garfagnana-fishing/index.html]
[backblue.gif]
[fade.gif]
[index.html]
[garfagnanadream.it/wp-content/plugins/geodirectory/vendor/ayecode/wp-ayecode-ui/assets/css/ayecode-ui-compatibility852c.css]
[garfagnanadream.it/wp-includes/css/dist/block-library/style.minfea8.css]
[garfagnanadream.it/wp-content/plugins/geodirectory/assets/css/select2/select27888.css]
[garfagnanadream.it/wp-content/plugins/geodirectory/assets/css/gd_core_frontend7888.css]
[garfagnanadream.it/wp-content/plugins/geodirectory/assets/leaflet/leaflet7888.css]
[garfagnanadream.it/wp-content/plugins/geodirectory/assets/leaflet/routing/leaflet-routing-machine7888.css]
[garfagnanadream.it/wp-content/plugins/geodir_advance_search_filters/assets/css/style5bf8.css]
[garfagnanadream.it/wp-content/plugins/geodir_custom_posts/assets/css/styledc8c.css]
[garfagnanadream.it/wp-content/plugins/geodir_location_manager/assets/css/geodir-locationac31.css]
[garfagnanadream.it/wp-content/plugins/onesignal-free-web-push-notifications/css/onsignal-amp-styleb3e8.css]
[use.fontawesome.com/releases/v6.7.2/css/all4efe.css]
[garfagnanadream.it/wp-content/uploads/dynamic_avia/avia-merged-styles-043858575592a7a83700d4d455274115---67ace510ea0eb.css]
[garfagnanadream.it/wp-includes/js/jquery/jquery.min9d52.js]
[garfagnanadream.it/wp-includes/js/jquery/jquery-migrate.mind617.js]
[garfagnanadream.it/wp-content/plugins/geodir_custom_posts/assets/js/widget.mindc8c.js]
[garfagnanadream.it/wp-content/plugins/geodirectory/assets/js/select2/select2.full.min5fc8.js]
[garfagnanadream.it/wp-content/plugins/geodirectory/vendor/ayecode/wp-ayecode-ui/assets/js/bootstrap.bundle.min852c.js]
[garfagnanadream.it/wp-content/plugins/geodirectory/assets/js/geodirectory.min7888.js]
[garfagnanadream.it/wp-includes/js/jquery/ui/core.min35d0.js]
[garfagnanadream.it/wp-includes/js/jquery/ui/datepicker.min35d0.js]
[garfagnanadream.it/wp-includes/js/jquery/ui/mouse.min35d0.js]
[garfagnanadream.it/wp-includes/js/jquery/ui/slider.min35d0.js]
[garfagnanadream.it/wp-content/plugins/geodirectory/assets/js/jquery.ui.timepicker.min7888.js]
[garfagnanadream.it/wp-content/plugins/geodir_advance_search_filters/assets/js/script.min5bf8.js]
[garfagnanadream.it/wp-content/plugins/geodir_custom_posts/assets/js/script.mindc8c.js]
[garfagnanadream.it/wp-content/plugins/geodir_location_manager/assets/js/location-common.minac31.js]
[garfagnanadream.it/wp-content/uploads/2019/12/favicon-80x80.png]
[connect.facebook.net/en_US/fbevents.js]
[garfagnanadream.it/garfagnana-fishing/OneSignalSDKUpdaterWorker.js.php]
[garfagnanadream.it/garfagnana-fishing/OneSignalSDKWorker.js.php]
[garfagnanadream.it/wp-content/uploads/2020/06/cropped-logo_garfagnana_dream_cuore_tondo-300x300.png]
[garfagnanadream.it/wp-content/uploads/2025/01/Garfagnana_Fishing_6.jpg]
[garfagnanadream.it/wp-content/uploads/2025/01/garfagnanafishinglogogreen-05-300x300.png]
[garfagnanadream.it/wp-content/uploads/2024/04/01-1-300x178.png]
[garfagnanadream.it/wp-content/uploads/2025/02/disponibile-su-google-play-store-300x116.png]
[garfagnanadream.it/wp-content/uploads/2025/02/disponibile-su-apple-app-store-300x116.jpg]
[garfagnanadream.it/wp-content/uploads/2024/04/02-1-300x150.png]
[garfagnanadream.it/wp-content/uploads/2025/02/ZRS-Alto-Serchio.jpg]
[garfagnanadream.it/wp-content/uploads/2025/02/ZRS-Isola-Santa.jpg]
[garfagnanadream.it/wp-content/uploads/2025/03/incubatoio-garfagnanafishing-fosciandora.jpg]
[garfagnanadream.it/wp-content/uploads/2024/04/03-1-300x152.png]
[garfagnanadream.it/wp-content/uploads/2025/01/moscaclubluccalogocolor-300x300.png]
[garfagnanadream.it/wp-content/uploads/2025/01/Garfagnana_Fishing_15.jpg]
[garfagnanadream.it/wp-content/uploads/2024/04/04-1-300x141.png]
[garfagnanadream.it/wp-content/uploads/2025/01/FPlbpgOT6YA-HD-5-705x397.jpg]
[garfagnanadream.it/wp-content/uploads/2025/01/FPlbpgOT6YA-HD-4-705x397.jpg]
[garfagnanadream.it/wp-content/uploads/2025/01/FPlbpgOT6YA-HD-3-705x397.jpg]
[garfagnanadream.it/wp-content/uploads/2025/01/FPlbpgOT6YA-HD-2-705x397.jpg]
[garfagnanadream.it/wp-content/uploads/2025/01/FPlbpgOT6YA-HD-1-705x397.jpg]
[garfagnanadream.it/wp-content/uploads/2024/04/05-2-300x150.png]
[garfagnanadream.it/wp-content/uploads/2024/05/garfagnana-il-paradiso-della-pesca-guide-di-pesca-alessio-pericoli.jpg]
[garfagnanadream.it/wp-content/uploads/2023/06/Foto-Isaiaguida-pesca-garfagnana-turismo.jpg]
[garfagnanadream.it/wp-content/uploads/2024/05/WhatsApp-Image-2024-05-04-at-15.07.24.jpg]
[garfagnanadream.it/wp-content/uploads/2024/05/garfagnana-il-paradiso-della-pesca-lorenzo-focacci-guida-spinning.jpg]
[garfagnanadream.it/wp-content/uploads/2025/03/guida_pesca_garfagnanadream_garfagnanafishing.jpg]
[garfagnanadream.it/wp-content/uploads/2024/05/garfagnana-il-paradiso-della-pesca-ristorante-il-baretto.jpg]
[garfagnanadream.it/wp-content/uploads/2025/03/labottegadelfattore.png]
[garfagnanadream.it/wp-content/uploads/2025/05/Davys-bar-garfagnana-fishing-garfagnanadream.jpg]
[garfagnanadream.it/wp-content/uploads/2025/05/Panigacceria-garfagnana-fishing-garfagnandream.jpg]
[garfagnanadream.it/wp-content/uploads/2025/05/cantina-bravi-garfagnana-fishing-garfagnanfoto-300x225.jpg]
[garfagnanadream.it/wp-content/uploads/2025/05/borgo-biaia-garfagnana-fishing-garfagnanadream-300x266.jpg]
[garfagnanadream.it/wp-content/uploads/2024/05/garfagnana-il-paradiso-della-pesca-ristorante-il-prisco.jpg]
[garfagnanadream.it/wp-content/uploads/2024/05/garfagnana-il-paradiso-della-pesca-il-ristoro-del-venturo.jpg]
[garfagnanadream.it/wp-content/uploads/2024/05/garfagnana-il-paradiso-della-pesca-il-osteria-le-verrucole.jpg]
[garfagnanadream.it/wp-content/uploads/2024/05/garfagnana-il-paradiso-della-pesca-osteria-senso-unico.jpg]
[garfagnanadream.it/wp-content/uploads/2024/05/garfagnana-il-paradiso-della-pesca-osteria-il-vecchio-mulino.jpg]
[garfagnanadream.it/wp-content/uploads/2024/05/garfagnana-il-paradiso-della-pesca-al-teatro-laboratorio-del-gusto.jpg]
[garfagnanadream.it/wp-content/uploads/2024/05/Garfagnana-Il-paradiso-della-pesca-agriturismo-il-pradicciolo.jpg]
[garfagnanadream.it/wp-content/uploads/2025/03/laroccadicamporgiano.png]
[garfagnanadream.it/wp-content/uploads/2025/05/agriturismo-garfagnana-fishing-garfagnanadream.jpg]
[garfagnanadream.it/wp-content/uploads/2024/05/Garfagnana-Il-paradiso-della-pesca-agriturismo-la-palazzina.jpg]
[garfagnanadream.it/wp-content/uploads/2024/05/garfagnana-il-paradiso-della-pesca-mulin-del-rancone.jpg]
[garfagnanadream.it/wp-content/uploads/2024/05/garfagnana-il-paradiso-della-pesca-hotel-ristorante-la-lanterna.jpg]
[garfagnanadream.it/wp-content/uploads/2024/05/garfagnana-il-paradiso-della-pesca-villa-raffaelli.jpg]
[garfagnanadream.it/wp-content/uploads/2024/04/06-1-300x145.png]
[garfagnanadream.it/cdn-cgi/scripts/5c5dd728/cloudflare-static/email-decode.min.js]
[garfagnanadream.it/wp-content/plugins/geodirectory/assets/js/geodir-select2.min7888.js]
[garfagnanadream.it/wp-content/plugins/geodirectory/assets/js/libraries/gd_lity.min7888.js]
[garfagnanadream.it/wp-content/plugins/geodirectory/assets/leaflet/leaflet.min7888.js]
[garfagnanadream.it/wp-content/plugins/geodirectory/assets/leaflet/osm.geocode.min7888.js]
[garfagnanadream.it/wp-content/plugins/geodirectory/assets/leaflet/routing/leaflet-routing-machine.min7888.js]
[garfagnanadream.it/wp-content/plugins/geodirectory/assets/jawj/oms-leaflet.min7888.js]
[garfagnanadream.it/wp-content/plugins/geodirectory/assets/js/goMap.min7888.js]
[garfagnanadream.it/wp-includes/js/wp-embed.minfea8.js]
[cdn.onesignal.com/sdks/OneSignalSDKfea8.js]
[garfagnanadream.it/wp-content/plugins/gtranslate/js/dwffea8.js]
[garfagnanadream.it/wp-content/plugins/popup-builder/public/js/DebugReport3653.js]
[garfagnanadream.it/wp-content/uploads/dynamic_avia/avia-footer-scripts-89bc531262dd92108849d220fda274a3---67ace5116cc62.js]
[garfagnanadream.it/garfagnana-fishing/index.html]
[garfagnanadream.it/wp-content/plugins/geodirectory/vendor/ayecode/wp-ayecode-ui/assets/css/ayecode-ui-compatibility852c.css]
[garfagnanadream.it/wp-includes/css/dist/block-library/style.minfea8.css]
[garfagnanadream.it/wp-content/plugins/geodirectory/assets/css/select2/select27888.css]
[garfagnanadream.it/cdn-cgi/challenge-platform/h/b/scripts/jsd/8359bcf47b68/maind41d.js]
[garfagnanadream.it/wp-content/plugins/geodirectory/assets/images/classic-loader.gif]
[garfagnanadream.it/wp-content/plugins/geodirectory/assets/images/loading2.gif]
[garfagnanadream.it/wp-content/plugins/geodirectory/assets/images/loading.gif]
[garfagnanadream.it/wp-content/plugins/geodirectory/assets/images/ajax-loader.gif]
[garfagnanadream.it/wp-content/plugins/geodirectory/assets/images/transparent-bg.png]
[garfagnanadream.it/wp-content/plugins/geodirectory/assets/images/downarrow-img.png]
[garfagnanadream.it/wp-content/plugins/geodirectory/assets/images/new.png]
[garfagnanadream.it/wp-content/plugins/geodirectory/assets/images/featured.png]
[garfagnanadream.it/wp-content/plugins/geodirectory/assets/css/images/ui-bg_flat_75_ffffff_40x100.png]
[garfagnanadream.it/wp-content/plugins/geodirectory/assets/css/images/ui-bg_highlight-soft_75_cccccc_1x100.png]
[garfagnanadream.it/wp-content/plugins/geodirectory/assets/css/images/ui-bg_glass_75_e6e6e6_1x400.png]
[garfagnanadream.it/wp-content/plugins/geodirectory/assets/css/images/ui-bg_glass_75_dadada_1x400.png]
[garfagnanadream.it/wp-content/plugins/geodirectory/assets/css/images/ui-bg_glass_65_ffffff_1x400.png]
[garfagnanadream.it/wp-content/plugins/geodirectory/assets/css/images/ui-bg_glass_55_fbf9ee_1x400.png]
[garfagnanadream.it/wp-content/plugins/geodirectory/assets/css/images/ui-bg_glass_95_fef1ec_1x400.png]
[garfagnanadream.it/wp-content/plugins/geodirectory/assets/css/images/ui-icons_222222_256x240.png]
[garfagnanadream.it/wp-content/plugins/geodirectory/assets/css/images/ui-icons_888888_256x240.png]
[garfagnanadream.it/wp-content/plugins/geodirectory/assets/css/images/ui-icons_454545_256x240.png]
[garfagnanadream.it/wp-content/plugins/geodirectory/assets/css/images/ui-icons_2e83ff_256x240.png]
[garfagnanadream.it/wp-content/plugins/geodirectory/assets/css/images/ui-icons_cd0a0a_256x240.png]
[garfagnanadream.it/wp-content/plugins/geodirectory/assets/css/images/ui-bg_flat_0_aaaaaa_40x100.png]
[garfagnanadream.it/wp-content/plugins/geodirectory/assets/images/x.png]
[garfagnanadream.it/wp-content/plugins/geodirectory/assets/images/delete.png]
[garfagnanadream.it/wp-content/plugins/geodirectory/assets/css/gd_core_frontend7888.css]
[garfagnanadream.it/wp-content/plugins/geodirectory/assets/leaflet/images/layers.png]
[garfagnanadream.it/wp-content/plugins/geodirectory/assets/leaflet/images/layers-2x.png]
[garfagnanadream.it/wp-content/plugins/geodirectory/assets/leaflet/images/marker-icon.png]
[garfagnanadream.it/wp-content/plugins/geodirectory/assets/leaflet/leaflet7888.css]
[garfagnanadream.it/wp-content/plugins/geodirectory/assets/leaflet/routing/leaflet.routing.icons.png]
[garfagnanadream.it/wp-content/plugins/geodirectory/assets/leaflet/routing/routing-icon.png]
[garfagnanadream.it/wp-content/plugins/geodirectory/assets/leaflet/routing/leaflet-routing-machine7888.css]
[garfagnanadream.it/wp-content/plugins/geodir_advance_search_filters/assets/css/style5bf8.css]
[garfagnanadream.it/wp-content/plugins/geodir_custom_posts/assets/css/styledc8c.css]
[garfagnanadream.it/wp-content/plugins/geodir_location_manager/assets/css/geodir-locationac31.css]
[garfagnanadream.it/wp-content/plugins/onesignal-free-web-push-notifications/css/onsignal-amp-styleb3e8.css]
[use.fontawesome.com/releases/v6.7.2/css/all4efe.css]
[garfagnanadream.it/wp-content/themes/enfold/images/layout/loading.gif]
[garfagnanadream.it/wp-content/uploads/dynamic_avia/avia-merged-styles-043858575592a7a83700d4d455274115---67ace510ea0eb.css]
[garfagnanadream.it/wp-content/uploads/2019/12/favicon-80x80.html]
[garfagnanadream.it/garfagnana-fishing/signals/config/index.html]
[garfagnanadream.it/garfagnana-fishing/POST]
[garfagnanadream.it/garfagnana-fishing/signals/plugins/index.html]
[garfagnanadream.it/garfagnana-fishing/b.resolvedLink]
[garfagnanadream.it/garfagnana-fishing/schema.org/index.html]
[garfagnanadream.it/signals/iwl.js]
[garfagnanadream.it/signals/iwl0fc5.js]
[garfagnanadream.it/garfagnana-fishing/c.dl]
[garfagnanadream.it/garfagnana-fishing/c.rl]
[connect.facebook.net/en_US/fbevents.js]
[garfagnanadream.it/garfagnana-fishing/OneSignalSDKUpdaterWorker.js.html]
[garfagnanadream.it/garfagnana-fishing/OneSignalSDKWorker.js.html]
[garfagnanadream.it/garfagnana-fishing/_https_/www.garfagnanadream.it__Garfagnanadream.it_/a__/b_'.html]
[garfagnanadream.it/wp-content/plugins/image-sizes/assets/js/front.min1bba.js]
[garfagnanadream.it/garfagnana-fishing/signals/config/index.html]
[garfagnanadream.it/garfagnana-fishing/signals/plugins/index.html]
[garfagnanadream.it/garfagnana-fishing/POST.html]
[garfagnanadream.it/garfagnana-fishing/schema.org/index.html]
[garfagnanadream.it/garfagnana-fishing/b.html]
[garfagnanadream.it/signals/iwl.html]
[garfagnanadream.it/signals/iwl0fc5.html]
[garfagnanadream.it/garfagnana-fishing/c.html]
[garfagnanadream.it/garfagnana-fishing/c-2.html]
